<html>
<body>
<pre>
<h1>µVision Build Log</h1>
<h2>Tool Versions:</h2>
IDE-Version: µVision V5.34.0.0
Copyright (C) 2021 ARM Ltd and ARM Germany GmbH. All rights reserved.
License Information: Alex Petridis SELF Flex license: MDK Professional 5.34 (Flex) (mdk_pro) Operation stops: 28 Apr 2024
 
Tool Versions:
Toolchain:       MDK Professional 5.34 (Flex)  Version: 5.34.0.0
Toolchain Path:  C:\Keil_v5\ARM\ARMCC\Bin
C Compiler:      Armcc.exe V5.06 update 7 (build 960)
Assembler:       Armasm.exe V5.06 update 7 (build 960)
Linker/Locator:  ArmLink.exe V5.06 update 7 (build 960)
Library Manager: ArmAr.exe V5.06 update 7 (build 960)
Hex Converter:   FromElf.exe V5.06 update 7 (build 960)
CPU DLL:         SARMCM3.DLL V5.34.0.0
Dialog DLL:      DARMCM1.DLL V1.19.4.0
Target DLL:      UL2CM3.DLL V1.163.9.0
Dialog DLL:      TARMCM1.DLL V1.14.3.0
 
<h2>Project:</h2>
D:\AUTH\8ο Εξάμηνο\Μικροεπεξεργαστές και Περιφερειακά\elearning_staff\Εργαστήρια\Αρχεία για 2ο εργαστηριο\HelloWorldC\project\sim\host\uVision\HelloWorldC.uvprojx
Project File Date:  05/27/2021

<h2>Output:</h2>
*** Using Compiler 'V5.06 update 7 (build 960)', folder: 'C:\Keil_v5\ARM\ARMCC\Bin'
Build target 'HelloWorldC'
assembling startup_ARMCM0.s...
compiling Application.c...
compiling SimulationPlatform.c...
compiling main.c...
compiling system_ARMCM0.c...
linking...
Program Size: Code=9964 RO-data=1684 RW-data=80 ZI-data=4448  
".\obj\HelloWorldC.axf" - 0 Error(s), 0 Warning(s).

<h2>Software Packages used:</h2>

Package Vendor: ARM
                http://www.keil.com/pack/ARM.CMSIS.5.7.0.pack
                ARM.CMSIS.5.7.0
                CMSIS (Cortex Microcontroller Software Interface Standard)
   * Component: CORE Version: 5.4.0
   * Component: Startup Version: 1.2.2

Package Vendor: redlogix
                http://downloads.redblocks.de/pack/redlogix.redBlocks-Simulator.1.1.4.pack
                redlogix.redBlocks-Simulator.1.1.4
                C Target Library for the redBlocks WYSIWYG SiL Simulator (supports flexible hardware simulation and automated integration tests)
   * Component: C Target Library Core Version: 2.13.0

<h2>Collection of Component include folders:</h2>
  .\RTE\_HelloWorldC
  C:\Users\Αλέξανδρος Πετρίδης\AppData\Local\Arm\Packs\ARM\CMSIS\5.7.0\CMSIS\Core\Include
  C:\Users\Αλέξανδρος Πετρίδης\AppData\Local\Arm\Packs\ARM\CMSIS\5.7.0\Device\ARM\ARMCM0\Include
  C:\Users\Αλέξανδρος Πετρίδης\AppData\Local\Arm\Packs\redlogix\redBlocks-Simulator\1.1.4\redBlocks\src

<h2>Collection of Component Files used:</h2>

   * Component: ARM::CMSIS:CORE:5.4.0

   * Component: ARM::Device:Startup:1.2.2
      Include file:  Device\ARM\ARMCM0\Include\ARMCM0.h
      Source file:   Device\ARM\ARMCM0\Source\ARM\startup_ARMCM0.s
      Source file:   Device\ARM\ARMCM0\Source\system_ARMCM0.c

   * Component: redlogix::Simulation:redBlocks Simulator:C Target Library Core:2.13.0
      Include file:  redBlocks\src\libredBlocks_sim_uvision.h
      Library file:  redBlocks\libredBlocks_uVision.lib
      Include file:  redBlocks\src\libredBlocks_sim.h
Build Time Elapsed:  00:00:53
</pre>
</body>
</html>
